>>>> [1] batman <<<<
>>>> [2] batman_2 <<<<
>>>> [3] blank_1 <<<<
>>>> [4] blank_2 <<<<
>>>> [5] circle_1 <<<<
>>>> [6] circle_2 <<<<
>>>> [7] ellipse_1 <<<<
>>>> [8] ellipse_2 <<<<
>>>> [9] group_1 <<<<
>>>> [10] group_2 <<<<
>>>> [11] group_3 <<<<
>>>> [12] group_4 <<<<
>>>> [13] group_5 <<<<
>>>> [14] group_6 <<<<
>>>> [15] group_7 <<<<
>>>> [16] line_1 <<<<
>>>> [17] line_2 <<<<
>>>> [18] lion <<<<
>>>> [19] polygon_1 <<<<
>>>> [20] polygon_2 <<<<
>>>> [21] polyline_1 <<<<
>>>> [22] polyline_2 <<<<
>>>> [23] polyline_3 <<<<
>>>> [24] rect_1 <<<<
>>>> [25] rect_2 <<<<
>>>> [26] rect_3 <<<<
>>>> [27] rotate_circle <<<<
>>>> [28] rotate_circle_with_origin <<<<
>>>> [29] rotate_line <<<<
>>>> [30] rotate_line_with_origin <<<<
>>>> [31] rotate_polygon <<<<
>>>> [32] rotate_polygon_with_origin <<<<
>>>> [33] rotate_polyline <<<<
>>>> [34] rotate_polyline_with_origin <<<<
>>>> [35] rotate_rect <<<<
>>>> [36] rotate_rect_with_origin <<<<
>>>> [37] scale_circle <<<<
>>>> [38] scale_circle_with_origin <<<<
>>>> [39] scale_ellipse <<<<
>>>> [40] scale_ellipse_with_origin <<<<
>>>> [41] scale_line <<<<
>>>> [42] scale_line_with_origin <<<<
>>>> [43] scale_polygon <<<<
>>>> [44] scale_polygon_with_origin <<<<
>>>> [45] scale_polyline <<<<
>>>> [46] scale_polyline_with_origin <<<<
>>>> [47] scale_rect <<<<
>>>> [48] scale_rect_with_origin <<<<
>>>> [49] transform_several <<<<
>>>> [50] translate_circle <<<<
>>>> [51] translate_ellipse <<<<
>>>> [52] translate_line <<<<
>>>> [53] translate_polygon <<<<
>>>> [54] translate_polyline <<<<
>>>> [55] translate_rect <<<<
>>>> [56] use_1 <<<<
>>>> [57] use_2 <<<<
>>>> [58] use_3 <<<<
>>>> [59] use_4 <<<<
>>>> [60] use_5 <<<<
>>>> [61] use_6 <<<<
